// Jest Snapshot v1, https://goo.gl/fbAQLP

exports[`components/tinpoppo snapshot test 1`] = `
<div
  className="sc-bwzfXH eQJZQL"
>
  <div>
    <div>
      <span
        className="sc-htpNat hCrjLt"
      >
        tinko系ドメイン勉強会
      </span>
    </div>
    <div
      className="sc-bxivhb eyIfax"
    >
      <pre
        className="sc-bdVaJa pwNqb"
      >
            ∧　∧
  (*‘ω‘ *) 　ちんぽっぽ
   (　　　)
  　 v v 　　　
  　　　　  　　ぼいんっ
  　  川
  ( (　　) )
      </pre>
    </div>
  </div>
</div>
`;
